DELETE /api/academic-groups/{id} | super_admin=pass holding_admin=pass org_admin=pass curator=pass hr_specialist=pass financial_specialist=pass legal_specialist=pass auditor_viewer=pass edu_curator=pass
DELETE /api/org-units/{id} | super_admin=pass holding_admin=pass org_admin=pass curator=pass hr_specialist=pass financial_specialist=pass legal_specialist=pass auditor_viewer=pass edu_curator=pass
GET /api/admin/directory-template | super_admin=pass holding_admin=pass org_admin=pass curator=pass hr_specialist=pass financial_specialist=pass legal_specialist=pass auditor_viewer=pass edu_curator=pass
GET /api/admin/it-company-options | super_admin=pass holding_admin=403 org_admin=403 curator=403 hr_specialist=403 financial_specialist=403 legal_specialist=403 auditor_viewer=403 edu_curator=403
GET /api/admin/legacy-findings | super_admin=pass holding_admin=403 org_admin=403 curator=403 hr_specialist=403 financial_specialist=403 legal_specialist=403 auditor_viewer=403 edu_curator=403
GET /api/admin/logs | super_admin=pass holding_admin=403 org_admin=403 curator=403 hr_specialist=403 financial_specialist=403 legal_specialist=403 auditor_viewer=403 edu_curator=403
GET /api/admin/logs/export | super_admin=pass holding_admin=403 org_admin=403 curator=403 hr_specialist=403 financial_specialist=403 legal_specialist=403 auditor_viewer=403 edu_curator=403
GET /api/admin/metrics | super_admin=pass holding_admin=403 org_admin=403 curator=403 hr_specialist=403 financial_specialist=403 legal_specialist=403 auditor_viewer=403 edu_curator=403
GET /api/admin/normative-sources | super_admin=pass holding_admin=403 org_admin=403 curator=403 hr_specialist=403 financial_specialist=403 legal_specialist=403 auditor_viewer=403 edu_curator=403
GET /api/admin/normative-sources/diff | super_admin=pass holding_admin=403 org_admin=403 curator=403 hr_specialist=403 financial_specialist=403 legal_specialist=403 auditor_viewer=403 edu_curator=403
GET /api/admin/okz/template | super_admin=pass holding_admin=403 org_admin=403 curator=403 hr_specialist=403 financial_specialist=403 legal_specialist=403 auditor_viewer=403 edu_curator=403
GET /api/admin/okz/versions | super_admin=pass holding_admin=403 org_admin=403 curator=403 hr_specialist=403 financial_specialist=403 legal_specialist=403 auditor_viewer=403 edu_curator=403
GET /api/admin/settings | super_admin=pass holding_admin=403 org_admin=403 curator=403 hr_specialist=403 financial_specialist=403 legal_specialist=403 auditor_viewer=403 edu_curator=403
GET /api/admin/users | super_admin=pass holding_admin=403 org_admin=403 curator=403 hr_specialist=403 financial_specialist=403 legal_specialist=403 auditor_viewer=403 edu_curator=403
GET /api/agreements | super_admin=pass holding_admin=pass org_admin=pass curator=pass hr_specialist=pass financial_specialist=pass legal_specialist=pass auditor_viewer=pass edu_curator=pass
GET /api/attachments/{id}/download | super_admin=pass holding_admin=pass org_admin=pass curator=pass hr_specialist=pass financial_specialist=pass legal_specialist=pass auditor_viewer=pass edu_curator=pass
GET /api/auth/me | super_admin=pass holding_admin=pass org_admin=pass curator=pass hr_specialist=pass financial_specialist=pass legal_specialist=pass auditor_viewer=pass edu_curator=pass
GET /api/categories | super_admin=pass holding_admin=pass org_admin=pass curator=pass hr_specialist=pass financial_specialist=pass legal_specialist=pass auditor_viewer=pass edu_curator=pass
GET /api/curator-assignments | super_admin=pass holding_admin=pass org_admin=pass curator=pass hr_specialist=403 financial_specialist=403 legal_specialist=403 auditor_viewer=403 edu_curator=403
GET /api/dashboard | super_admin=pass holding_admin=pass org_admin=pass curator=pass hr_specialist=pass financial_specialist=pass legal_specialist=pass auditor_viewer=pass edu_curator=pass
GET /api/dashboard/target-history | super_admin=pass holding_admin=pass org_admin=pass curator=pass hr_specialist=403 financial_specialist=403 legal_specialist=403 auditor_viewer=403 edu_curator=403
GET /api/directory | super_admin=pass holding_admin=pass org_admin=pass curator=pass hr_specialist=pass financial_specialist=pass legal_specialist=pass auditor_viewer=pass edu_curator=pass
GET /api/directory/proposals | super_admin=pass holding_admin=403 org_admin=pass curator=403 hr_specialist=403 financial_specialist=403 legal_specialist=403 auditor_viewer=403 edu_curator=403
GET /api/directory/stats | super_admin=pass holding_admin=pass org_admin=pass curator=pass hr_specialist=pass financial_specialist=pass legal_specialist=pass auditor_viewer=pass edu_curator=pass
GET /api/entries | super_admin=pass holding_admin=pass org_admin=pass curator=pass hr_specialist=pass financial_specialist=pass legal_specialist=pass auditor_viewer=pass edu_curator=pass
GET /api/entries/import-template | super_admin=pass holding_admin=pass org_admin=pass curator=pass hr_specialist=pass financial_specialist=pass legal_specialist=pass auditor_viewer=pass edu_curator=pass
GET /api/entries/summary | super_admin=pass holding_admin=pass org_admin=pass curator=pass hr_specialist=pass financial_specialist=pass legal_specialist=pass auditor_viewer=pass edu_curator=pass
GET /api/entries/{id}/attachments | super_admin=pass holding_admin=pass org_admin=pass curator=pass hr_specialist=pass financial_specialist=pass legal_specialist=pass auditor_viewer=pass edu_curator=pass
GET /api/entries/{id}/comments | super_admin=pass holding_admin=pass org_admin=pass curator=pass hr_specialist=pass financial_specialist=pass legal_specialist=pass auditor_viewer=pass edu_curator=pass
GET /api/entries/{id}/cost-history | super_admin=pass holding_admin=pass org_admin=pass curator=pass hr_specialist=pass financial_specialist=pass legal_specialist=pass auditor_viewer=pass edu_curator=pass
GET /api/entries/{id}/legal-disputes | super_admin=pass holding_admin=pass org_admin=pass curator=pass hr_specialist=pass financial_specialist=pass legal_specialist=pass auditor_viewer=pass edu_curator=pass
GET /api/it-companies | super_admin=pass holding_admin=pass org_admin=pass curator=pass hr_specialist=pass financial_specialist=pass legal_specialist=pass auditor_viewer=pass edu_curator=pass
GET /api/it-companies/registry-search | super_admin=pass holding_admin=pass org_admin=pass curator=pass hr_specialist=pass financial_specialist=pass legal_specialist=pass auditor_viewer=pass edu_curator=pass
GET /api/it-companies/template | super_admin=pass holding_admin=pass org_admin=403 curator=403 hr_specialist=403 financial_specialist=403 legal_specialist=403 auditor_viewer=403 edu_curator=403
GET /api/legal-entity-groups | super_admin=pass holding_admin=pass org_admin=pass curator=pass hr_specialist=403 financial_specialist=403 legal_specialist=403 auditor_viewer=403 edu_curator=403
GET /api/mentors | super_admin=pass holding_admin=pass org_admin=pass curator=pass hr_specialist=pass financial_specialist=pass legal_specialist=pass auditor_viewer=pass edu_curator=pass
GET /api/obligations | super_admin=pass holding_admin=pass org_admin=pass curator=pass hr_specialist=pass financial_specialist=pass legal_specialist=pass auditor_viewer=pass edu_curator=pass
GET /api/okz | super_admin=pass holding_admin=pass org_admin=pass curator=pass hr_specialist=pass financial_specialist=pass legal_specialist=pass auditor_viewer=pass edu_curator=pass
GET /api/organizations | super_admin=pass holding_admin=pass org_admin=pass curator=pass hr_specialist=pass financial_specialist=pass legal_specialist=pass auditor_viewer=pass edu_curator=pass
GET /api/partners | super_admin=pass holding_admin=pass org_admin=pass curator=pass hr_specialist=pass financial_specialist=pass legal_specialist=pass auditor_viewer=pass edu_curator=pass
GET /api/partners/{partner_id}/academic-groups | super_admin=403 holding_admin=403 org_admin=403 curator=403 hr_specialist=403 financial_specialist=403 legal_specialist=403 auditor_viewer=403 edu_curator=403
GET /api/partners/{partner_id}/org-units | super_admin=403 holding_admin=403 org_admin=403 curator=403 hr_specialist=403 financial_specialist=403 legal_specialist=403 auditor_viewer=403 edu_curator=403
GET /api/partners/{partner_id}/specialty-codes | super_admin=403 holding_admin=403 org_admin=403 curator=403 hr_specialist=403 financial_specialist=403 legal_specialist=403 auditor_viewer=403 edu_curator=403
GET /api/regional-authorities | super_admin=pass holding_admin=pass org_admin=pass curator=pass hr_specialist=pass financial_specialist=pass legal_specialist=pass auditor_viewer=pass edu_curator=pass
GET /api/regulatory/processes | super_admin=pass holding_admin=pass org_admin=pass curator=pass hr_specialist=pass financial_specialist=pass legal_specialist=pass auditor_viewer=pass edu_curator=pass
GET /api/regulatory/processes/{id} | super_admin=pass holding_admin=pass org_admin=pass curator=pass hr_specialist=pass financial_specialist=pass legal_specialist=pass auditor_viewer=pass edu_curator=pass
GET /api/report-calendar | super_admin=pass holding_admin=pass org_admin=pass curator=pass hr_specialist=pass financial_specialist=pass legal_specialist=pass auditor_viewer=pass edu_curator=pass
GET /api/report-snapshots | super_admin=pass holding_admin=pass org_admin=pass curator=pass hr_specialist=pass financial_specialist=pass legal_specialist=pass auditor_viewer=pass edu_curator=pass
GET /api/report-snapshots/{id} | super_admin=pass holding_admin=pass org_admin=pass curator=403 hr_specialist=403 financial_specialist=403 legal_specialist=403 auditor_viewer=pass edu_curator=403
GET /api/report-workflow | super_admin=pass holding_admin=pass org_admin=pass curator=pass hr_specialist=pass financial_specialist=pass legal_specialist=pass auditor_viewer=pass edu_curator=pass
GET /api/reports/export | super_admin=pass holding_admin=pass org_admin=pass curator=pass hr_specialist=pass financial_specialist=pass legal_specialist=pass auditor_viewer=pass edu_curator=pass
GET /api/reports/generated | super_admin=pass holding_admin=pass org_admin=pass curator=pass hr_specialist=pass financial_specialist=pass legal_specialist=pass auditor_viewer=pass edu_curator=pass
GET /api/reports/generated/{id} | super_admin=pass holding_admin=pass org_admin=pass curator=pass hr_specialist=pass financial_specialist=pass legal_specialist=pass auditor_viewer=pass edu_curator=pass
GET /api/specialties | super_admin=pass holding_admin=pass org_admin=pass curator=pass hr_specialist=pass financial_specialist=pass legal_specialist=pass auditor_viewer=pass edu_curator=pass
GET /api/staff-members | super_admin=pass holding_admin=pass org_admin=pass curator=pass hr_specialist=pass financial_specialist=pass legal_specialist=pass auditor_viewer=pass edu_curator=403
GET /api/tariffs | super_admin=pass holding_admin=pass org_admin=pass curator=pass hr_specialist=pass financial_specialist=pass legal_specialist=pass auditor_viewer=pass edu_curator=pass
GET /api/teaching-payouts | super_admin=pass holding_admin=pass org_admin=pass curator=pass hr_specialist=pass financial_specialist=pass legal_specialist=pass auditor_viewer=pass edu_curator=403
GET /api/workflow-tasks | super_admin=pass holding_admin=pass org_admin=pass curator=pass hr_specialist=pass financial_specialist=pass legal_specialist=pass auditor_viewer=pass edu_curator=pass
GET /api/workflow-tasks/{id} | super_admin=pass holding_admin=pass org_admin=pass curator=pass hr_specialist=pass financial_specialist=pass legal_specialist=pass auditor_viewer=pass edu_curator=pass
PATCH /api/admin/users/{id} | super_admin=pass holding_admin=403 org_admin=403 curator=403 hr_specialist=403 financial_specialist=403 legal_specialist=403 auditor_viewer=403 edu_curator=403
PATCH /api/attachments/{id}/metadata | super_admin=pass holding_admin=pass org_admin=pass curator=pass hr_specialist=pass financial_specialist=pass legal_specialist=pass auditor_viewer=pass edu_curator=pass
PATCH /api/attachments/{id}/review | super_admin=pass holding_admin=pass org_admin=pass curator=403 hr_specialist=403 financial_specialist=403 legal_specialist=pass auditor_viewer=403 edu_curator=403
POST /api/admin/directory-import | super_admin=pass holding_admin=pass org_admin=pass curator=pass hr_specialist=pass financial_specialist=pass legal_specialist=pass auditor_viewer=pass edu_curator=pass
POST /api/admin/normative-sources/import | super_admin=pass holding_admin=403 org_admin=403 curator=403 hr_specialist=403 financial_specialist=403 legal_specialist=403 auditor_viewer=403 edu_curator=403
POST /api/admin/okz/import | super_admin=pass holding_admin=403 org_admin=403 curator=403 hr_specialist=403 financial_specialist=403 legal_specialist=403 auditor_viewer=403 edu_curator=403
POST /api/admin/settings | super_admin=pass holding_admin=403 org_admin=403 curator=403 hr_specialist=403 financial_specialist=403 legal_specialist=403 auditor_viewer=403 edu_curator=403
POST /api/admin/tariffs | super_admin=pass holding_admin=403 org_admin=403 curator=403 hr_specialist=403 financial_specialist=403 legal_specialist=403 auditor_viewer=403 edu_curator=403
POST /api/admin/users | super_admin=pass holding_admin=403 org_admin=403 curator=403 hr_specialist=403 financial_specialist=403 legal_specialist=403 auditor_viewer=403 edu_curator=403
POST /api/admin/users/{id}/mfa-reset | super_admin=pass holding_admin=403 org_admin=403 curator=403 hr_specialist=403 financial_specialist=403 legal_specialist=403 auditor_viewer=403 edu_curator=403
POST /api/agreements | super_admin=pass holding_admin=pass org_admin=pass curator=pass hr_specialist=403 financial_specialist=403 legal_specialist=403 auditor_viewer=403 edu_curator=403
POST /api/auth/entity-type | super_admin=pass holding_admin=403 org_admin=403 curator=403 hr_specialist=403 financial_specialist=403 legal_specialist=403 auditor_viewer=403 edu_curator=403
POST /api/auth/mfa/confirm | super_admin=pass holding_admin=pass org_admin=pass curator=pass hr_specialist=pass financial_specialist=pass legal_specialist=pass auditor_viewer=pass edu_curator=pass
POST /api/auth/mfa/enroll | super_admin=pass holding_admin=pass org_admin=pass curator=pass hr_specialist=pass financial_specialist=pass legal_specialist=pass auditor_viewer=pass edu_curator=pass
POST /api/auth/password | super_admin=pass holding_admin=pass org_admin=pass curator=pass hr_specialist=pass financial_specialist=pass legal_specialist=pass auditor_viewer=pass edu_curator=pass
POST /api/curator-assignments | super_admin=pass holding_admin=pass org_admin=pass curator=403 hr_specialist=403 financial_specialist=403 legal_specialist=403 auditor_viewer=403 edu_curator=403
POST /api/curator-assignments/{id}/end | super_admin=pass holding_admin=pass org_admin=pass curator=pass hr_specialist=pass financial_specialist=pass legal_specialist=pass auditor_viewer=pass edu_curator=pass
POST /api/curator-assignments/{id}/revoke | super_admin=pass holding_admin=pass org_admin=pass curator=403 hr_specialist=403 financial_specialist=403 legal_specialist=403 auditor_viewer=403 edu_curator=403
POST /api/dashboard/target | super_admin=pass holding_admin=pass org_admin=pass curator=pass hr_specialist=403 financial_specialist=403 legal_specialist=403 auditor_viewer=403 edu_curator=403
POST /api/directory | super_admin=pass holding_admin=403 org_admin=pass curator=403 hr_specialist=403 financial_specialist=403 legal_specialist=403 auditor_viewer=403 edu_curator=403
POST /api/directory/{id}/decision | super_admin=pass holding_admin=403 org_admin=403 curator=403 hr_specialist=403 financial_specialist=403 legal_specialist=403 auditor_viewer=403 edu_curator=403
POST /api/entries | super_admin=pass holding_admin=pass org_admin=pass curator=pass hr_specialist=403 financial_specialist=403 legal_specialist=403 auditor_viewer=403 edu_curator=403
POST /api/entries/import | super_admin=pass holding_admin=pass org_admin=pass curator=pass hr_specialist=403 financial_specialist=403 legal_specialist=403 auditor_viewer=403 edu_curator=403
POST /api/entries/{id}/attachments | super_admin=pass holding_admin=pass org_admin=pass curator=pass hr_specialist=pass financial_specialist=pass legal_specialist=403 auditor_viewer=403 edu_curator=pass
POST /api/entries/{id}/legal-disputes | super_admin=pass holding_admin=pass org_admin=pass curator=403 hr_specialist=403 financial_specialist=403 legal_specialist=pass auditor_viewer=403 edu_curator=403
POST /api/it-companies | super_admin=pass holding_admin=pass org_admin=403 curator=403 hr_specialist=403 financial_specialist=403 legal_specialist=403 auditor_viewer=403 edu_curator=403
POST /api/it-companies/import | super_admin=pass holding_admin=pass org_admin=403 curator=403 hr_specialist=403 financial_specialist=403 legal_specialist=403 auditor_viewer=403 edu_curator=403
POST /api/legal-entity-groups | super_admin=pass holding_admin=pass org_admin=pass curator=pass hr_specialist=403 financial_specialist=403 legal_specialist=403 auditor_viewer=403 edu_curator=403
POST /api/mentors | super_admin=403 holding_admin=403 org_admin=403 curator=403 hr_specialist=403 financial_specialist=403 legal_specialist=403 auditor_viewer=403 edu_curator=403
POST /api/partners | super_admin=pass holding_admin=pass org_admin=pass curator=pass hr_specialist=403 financial_specialist=403 legal_specialist=403 auditor_viewer=403 edu_curator=403
POST /api/partners/{partner_id}/academic-groups | super_admin=403 holding_admin=403 org_admin=403 curator=403 hr_specialist=403 financial_specialist=403 legal_specialist=403 auditor_viewer=403 edu_curator=403
POST /api/partners/{partner_id}/org-units | super_admin=403 holding_admin=403 org_admin=403 curator=403 hr_specialist=403 financial_specialist=403 legal_specialist=403 auditor_viewer=403 edu_curator=403
POST /api/regional-authorities | super_admin=pass holding_admin=pass org_admin=pass curator=pass hr_specialist=403 financial_specialist=403 legal_specialist=403 auditor_viewer=403 edu_curator=403
POST /api/regulatory/processes | super_admin=pass holding_admin=pass org_admin=pass curator=pass hr_specialist=pass financial_specialist=pass legal_specialist=pass auditor_viewer=pass edu_curator=pass
POST /api/regulatory/processes/{id}/actions | super_admin=pass holding_admin=pass org_admin=pass curator=pass hr_specialist=pass financial_specialist=pass legal_specialist=pass auditor_viewer=pass edu_curator=pass
POST /api/report-snapshots | super_admin=pass holding_admin=pass org_admin=pass curator=403 hr_specialist=403 financial_specialist=403 legal_specialist=403 auditor_viewer=403 edu_curator=403
POST /api/report-workflow/transition | super_admin=pass holding_admin=pass org_admin=pass curator=pass hr_specialist=pass financial_specialist=pass legal_specialist=pass auditor_viewer=pass edu_curator=pass
POST /api/specialty-catalogs/import | super_admin=pass holding_admin=pass org_admin=403 curator=403 hr_specialist=403 financial_specialist=403 legal_specialist=403 auditor_viewer=403 edu_curator=403
POST /api/staff-members | super_admin=pass holding_admin=pass org_admin=pass curator=403 hr_specialist=pass financial_specialist=403 legal_specialist=403 auditor_viewer=403 edu_curator=403
POST /api/teaching-payouts | super_admin=pass holding_admin=pass org_admin=pass curator=403 hr_specialist=403 financial_specialist=pass legal_specialist=403 auditor_viewer=403 edu_curator=403
POST /api/workflow-tasks | super_admin=pass holding_admin=pass org_admin=pass curator=403 hr_specialist=403 financial_specialist=403 legal_specialist=403 auditor_viewer=403 edu_curator=403
POST /api/workflow-tasks/{id}/complete | super_admin=pass holding_admin=pass org_admin=pass curator=pass hr_specialist=pass financial_specialist=pass legal_specialist=pass auditor_viewer=pass edu_curator=pass
POST /api/workflow-tasks/{id}/reassign | super_admin=pass holding_admin=pass org_admin=pass curator=403 hr_specialist=403 financial_specialist=403 legal_specialist=403 auditor_viewer=403 edu_curator=403
PUT /api/academic-groups/{id} | super_admin=pass holding_admin=pass org_admin=pass curator=pass hr_specialist=pass financial_specialist=pass legal_specialist=pass auditor_viewer=pass edu_curator=pass
PUT /api/agreements/{id} | super_admin=pass holding_admin=pass org_admin=pass curator=pass hr_specialist=403 financial_specialist=403 legal_specialist=403 auditor_viewer=403 edu_curator=403
PUT /api/directory/{id} | super_admin=pass holding_admin=403 org_admin=403 curator=403 hr_specialist=403 financial_specialist=403 legal_specialist=403 auditor_viewer=403 edu_curator=403
PUT /api/entries/{id} | super_admin=pass holding_admin=pass org_admin=pass curator=pass hr_specialist=pass financial_specialist=pass legal_specialist=403 auditor_viewer=403 edu_curator=403
PUT /api/legal-entity-groups/{id} | super_admin=pass holding_admin=pass org_admin=pass curator=pass hr_specialist=403 financial_specialist=403 legal_specialist=403 auditor_viewer=403 edu_curator=403
PUT /api/org-units/{id} | super_admin=pass holding_admin=pass org_admin=pass curator=pass hr_specialist=pass financial_specialist=pass legal_specialist=pass auditor_viewer=pass edu_curator=pass
PUT /api/regional-authorities/{id} | super_admin=pass holding_admin=pass org_admin=pass curator=pass hr_specialist=403 financial_specialist=403 legal_specialist=403 auditor_viewer=403 edu_curator=403
PUT /api/staff-members/{id} | super_admin=pass holding_admin=pass org_admin=pass curator=403 hr_specialist=pass financial_specialist=403 legal_specialist=403 auditor_viewer=403 edu_curator=403
PUT /api/teaching-payouts/{id} | super_admin=pass holding_admin=pass org_admin=pass curator=403 hr_specialist=403 financial_specialist=pass legal_specialist=403 auditor_viewer=403 edu_curator=403
